// Jest Snapshot v1, https://goo.gl/fbAQLP

exports[`Should render ExpenseDashboardPage component correctly 1`] = `
<div>
  This is the dashboard!
  <Connect(ExpenseListFilters) />
  <Connect(ExpenseList) />
</div>
`;
